[      51ms] [VERBOSE] [DOM] Password field is not contained in a form: (More info: https://goo.gl/9p2vKq) %o @ http://localhost:3000/app.html:0
[      52ms] [VERBOSE] [DOM] Password field is not contained in a form: (More info: https://goo.gl/9p2vKq) %o @ http://localhost:3000/app.html:0
[   19532ms] [ERROR] Failed to load resource: the server responded with a status of 401 (Unauthorized) @ http://localhost:8002/rooms/56ba2f1e-5c70-4290-a77d-52404f0095da/threads?user_id=de883378-a6ef-4af0-a8bc-462265ca7a54:0
[   19533ms] [ERROR] Failed to load threads: Error: Invalid room token
    at api (http://localhost:3000/app.html:1768:15)
    at async loadThreads (http://localhost:3000/app.html:2721:25)
    at async Promise.all (index 0)
    at async window.switchRoom (http://localhost:3000/app.html:1945:5)
    at async handleAuthSuccess (http://localhost:3000/app.html:1862:29) @ http://localhost:3000/app.html:2725
[   19544ms] [ERROR] Failed to load resource: the server responded with a status of 401 (Unauthorized) @ http://localhost:8002/rooms/56ba2f1e-5c70-4290-a77d-52404f0095da/memories?user_id=de883378-a6ef-4af0-a8bc-462265ca7a54:0
[   19545ms] [ERROR] Failed to load memories: Error: Invalid room token
    at api (http://localhost:3000/app.html:1768:15)
    at async loadMemories (http://localhost:3000/app.html:2814:26)
    at async Promise.all (index 1)
    at async window.switchRoom (http://localhost:3000/app.html:1945:5)
    at async handleAuthSuccess (http://localhost:3000/app.html:1862:29) @ http://localhost:3000/app.html:2816
[   19587ms] [ERROR] Failed to load resource: the server responded with a status of 401 (Unauthorized) @ http://localhost:8002/rooms/56ba2f1e-5c70-4290-a77d-52404f0095da/memories?user_id=de883378-a6ef-4af0-a8bc-462265ca7a54:0
[   19588ms] [ERROR] Failed to load resource: the server responded with a status of 401 (Unauthorized) @ http://localhost:8002/rooms/56ba2f1e-5c70-4290-a77d-52404f0095da/threads?user_id=de883378-a6ef-4af0-a8bc-462265ca7a54:0
[   19590ms] [ERROR] Failed to load memories: Error: Invalid room token
    at api (http://localhost:3000/app.html:1768:15)
    at async loadMemories (http://localhost:3000/app.html:2814:26)
    at async Promise.all (index 1)
    at async enterApp (http://localhost:3000/app.html:1969:9) @ http://localhost:3000/app.html:2816
[   19590ms] [ERROR] Failed to load threads: Error: Invalid room token
    at api (http://localhost:3000/app.html:1768:15)
    at async loadThreads (http://localhost:3000/app.html:2721:25)
    at async Promise.all (index 0)
    at async enterApp (http://localhost:3000/app.html:1969:9) @ http://localhost:3000/app.html:2725
