[      66ms] [VERBOSE] [DOM] Password field is not contained in a form: (More info: https://goo.gl/9p2vKq) %o @ http://localhost:3000/app.html:0
[      66ms] [VERBOSE] [DOM] Password field is not contained in a form: (More info: https://goo.gl/9p2vKq) %o @ http://localhost:3000/app.html:0
[     112ms] [ERROR] Failed to load resource: the server responded with a status of 401 (Unauthorized) @ http://localhost:8002/rooms/56ba2f1e-5c70-4290-a77d-52404f0095da/threads?user_id=de883378-a6ef-4af0-a8bc-462265ca7a54:0
[     116ms] [ERROR] Failed to load resource: the server responded with a status of 401 (Unauthorized) @ http://localhost:8002/rooms/56ba2f1e-5c70-4290-a77d-52404f0095da/memories?user_id=de883378-a6ef-4af0-a8bc-462265ca7a54:0
[     120ms] [ERROR] Failed to load threads: Error: Invalid room token
    at api (http://localhost:3000/app.html:1768:15)
    at async loadThreads (http://localhost:3000/app.html:2721:25)
    at async Promise.all (index 0)
    at async enterApp (http://localhost:3000/app.html:1969:9) @ http://localhost:3000/app.html:2725
[     122ms] [ERROR] Failed to load memories: Error: Invalid room token
    at api (http://localhost:3000/app.html:1768:15)
    at async loadMemories (http://localhost:3000/app.html:2814:26)
    at async Promise.all (index 1)
    at async enterApp (http://localhost:3000/app.html:1969:9) @ http://localhost:3000/app.html:2816
[   25004ms] [VERBOSE] [DOM] Password field is not contained in a form: (More info: https://goo.gl/9p2vKq) %o @ http://localhost:3000/app.html:0
[   25004ms] [VERBOSE] [DOM] Password field is not contained in a form: (More info: https://goo.gl/9p2vKq) %o @ http://localhost:3000/app.html:0
[   42530ms] [ERROR] Failed to load resource: the server responded with a status of 401 (Unauthorized) @ http://localhost:8002/rooms/56ba2f1e-5c70-4290-a77d-52404f0095da/threads?token=a28b98fa6a74425c927fa64e4f614817&user_id=de883378-a6ef-4af0-a8bc-462265ca7a54:0
[   42530ms] [ERROR] Failed to load resource: the server responded with a status of 401 (Unauthorized) @ http://localhost:8002/rooms/56ba2f1e-5c70-4290-a77d-52404f0095da/memories?token=a28b98fa6a74425c927fa64e4f614817&user_id=de883378-a6ef-4af0-a8bc-462265ca7a54:0
[   42531ms] [ERROR] Failed to load threads: Error: Invalid room token
    at api (http://localhost:3000/app.html:1768:15)
    at async loadThreads (http://localhost:3000/app.html:2724:25)
    at async Promise.all (index 0)
    at async window.switchRoom (http://localhost:3000/app.html:1948:5)
    at async handleAuthSuccess (http://localhost:3000/app.html:1862:29) @ http://localhost:3000/app.html:2728
[   42532ms] [ERROR] Failed to load memories: Error: Invalid room token
    at api (http://localhost:3000/app.html:1768:15)
    at async loadMemories (http://localhost:3000/app.html:2817:26)
    at async Promise.all (index 1)
    at async window.switchRoom (http://localhost:3000/app.html:1948:5)
    at async handleAuthSuccess (http://localhost:3000/app.html:1862:29) @ http://localhost:3000/app.html:2819
[   42537ms] [ERROR] Failed to load resource: the server responded with a status of 401 (Unauthorized) @ http://localhost:8002/rooms/56ba2f1e-5c70-4290-a77d-52404f0095da/presence?token=a28b98fa6a74425c927fa64e4f614817&user_id=de883378-a6ef-4af0-a8bc-462265ca7a54:0
[   42539ms] [ERROR] Failed to load presence: Error: Invalid room token
    at api (http://localhost:3000/app.html:1768:15)
    at async loadPresence (http://localhost:3000/app.html:2590:23)
    at async Promise.all (index 2)
    at async window.switchRoom (http://localhost:3000/app.html:1948:5)
    at async handleAuthSuccess (http://localhost:3000/app.html:1862:29) @ http://localhost:3000/app.html:2597
[   42577ms] [ERROR] Failed to load resource: the server responded with a status of 401 (Unauthorized) @ http://localhost:8002/rooms/56ba2f1e-5c70-4290-a77d-52404f0095da/presence?token=a28b98fa6a74425c927fa64e4f614817&user_id=de883378-a6ef-4af0-a8bc-462265ca7a54:0
[   42579ms] [ERROR] Failed to load resource: the server responded with a status of 401 (Unauthorized) @ http://localhost:8002/rooms/56ba2f1e-5c70-4290-a77d-52404f0095da/memories?token=a28b98fa6a74425c927fa64e4f614817&user_id=de883378-a6ef-4af0-a8bc-462265ca7a54:0
[   42580ms] [ERROR] Failed to load resource: the server responded with a status of 401 (Unauthorized) @ http://localhost:8002/rooms/56ba2f1e-5c70-4290-a77d-52404f0095da/threads?token=a28b98fa6a74425c927fa64e4f614817&user_id=de883378-a6ef-4af0-a8bc-462265ca7a54:0
[   42587ms] [ERROR] Failed to load presence: Error: Invalid room token
    at api (http://localhost:3000/app.html:1768:15)
    at async loadPresence (http://localhost:3000/app.html:2590:23)
    at async Promise.all (index 2)
    at async enterApp (http://localhost:3000/app.html:1972:9) @ http://localhost:3000/app.html:2597
[   42587ms] [ERROR] Failed to load memories: Error: Invalid room token
    at api (http://localhost:3000/app.html:1768:15)
    at async loadMemories (http://localhost:3000/app.html:2817:26)
    at async Promise.all (index 1)
    at async enterApp (http://localhost:3000/app.html:1972:9) @ http://localhost:3000/app.html:2819
[   42588ms] [ERROR] Failed to load threads: Error: Invalid room token
    at api (http://localhost:3000/app.html:1768:15)
    at async loadThreads (http://localhost:3000/app.html:2724:25)
    at async Promise.all (index 0)
    at async enterApp (http://localhost:3000/app.html:1972:9) @ http://localhost:3000/app.html:2728
[  129629ms] [VERBOSE] [DOM] Password field is not contained in a form: (More info: https://goo.gl/9p2vKq) %o @ http://localhost:3000/app.html:0
[  129630ms] [VERBOSE] [DOM] Password field is not contained in a form: (More info: https://goo.gl/9p2vKq) %o @ http://localhost:3000/app.html:0
[  143164ms] [ERROR] Access to fetch at 'http://localhost:8002/rooms/56ba2f1e-5c70-4290-a77d-52404f0095da/memories?token=a28b98fa6a74425c927fa64e4f614817&user_id=de883378-a6ef-4af0-a8bc-462265ca7a54' from origin 'http://localhost:3000' has been blocked by CORS policy: No 'Access-Control-Allow-Origin' header is present on the requested resource. @ http://localhost:3000/app.html:0
[  143165ms] [ERROR] Failed to load resource: net::ERR_FAILED @ http://localhost:8002/rooms/56ba2f1e-5c70-4290-a77d-52404f0095da/memories?token=a28b98fa6a74425c927fa64e4f614817&user_id=de883378-a6ef-4af0-a8bc-462265ca7a54:0
[  143165ms] [ERROR] Failed to load memories: Error: Cannot reach server — is the backend running?
    at api (http://localhost:3000/app.html:1764:15)
    at async loadMemories (http://localhost:3000/app.html:2817:26)
    at async Promise.all (index 1)
    at async window.switchRoom (http://localhost:3000/app.html:1948:5)
    at async handleAuthSuccess (http://localhost:3000/app.html:1862:29) @ http://localhost:3000/app.html:2819
[  143223ms] [ERROR] Access to fetch at 'http://localhost:8002/rooms/56ba2f1e-5c70-4290-a77d-52404f0095da/memories?token=a28b98fa6a74425c927fa64e4f614817&user_id=de883378-a6ef-4af0-a8bc-462265ca7a54' from origin 'http://localhost:3000' has been blocked by CORS policy: No 'Access-Control-Allow-Origin' header is present on the requested resource. @ http://localhost:3000/app.html:0
[  143223ms] [ERROR] Failed to load resource: net::ERR_FAILED @ http://localhost:8002/rooms/56ba2f1e-5c70-4290-a77d-52404f0095da/memories?token=a28b98fa6a74425c927fa64e4f614817&user_id=de883378-a6ef-4af0-a8bc-462265ca7a54:0
[  143224ms] [ERROR] Failed to load memories: Error: Cannot reach server — is the backend running?
    at api (http://localhost:3000/app.html:1764:15)
    at async loadMemories (http://localhost:3000/app.html:2817:26)
    at async Promise.all (index 1)
    at async enterApp (http://localhost:3000/app.html:1972:9) @ http://localhost:3000/app.html:2819
[  221425ms] [VERBOSE] [DOM] Password field is not contained in a form: (More info: https://goo.gl/9p2vKq) %o @ http://localhost:3000/app.html:0
[  221425ms] [VERBOSE] [DOM] Password field is not contained in a form: (More info: https://goo.gl/9p2vKq) %o @ http://localhost:3000/app.html:0
[  308335ms] [VERBOSE] [DOM] Password field is not contained in a form: (More info: https://goo.gl/9p2vKq) %o @ http://localhost:3000/app.html:0
[  308335ms] [VERBOSE] [DOM] Password field is not contained in a form: (More info: https://goo.gl/9p2vKq) %o @ http://localhost:3000/app.html:0
[  488402ms] [VERBOSE] [DOM] Password field is not contained in a form: (More info: https://goo.gl/9p2vKq) %o @ http://localhost:3000/app.html:0
[  488402ms] [VERBOSE] [DOM] Password field is not contained in a form: (More info: https://goo.gl/9p2vKq) %o @ http://localhost:3000/app.html:0
[  909137ms] [VERBOSE] [DOM] Password field is not contained in a form: (More info: https://goo.gl/9p2vKq) %o @ http://localhost:3000/app.html:0
[  909137ms] [VERBOSE] [DOM] Password field is not contained in a form: (More info: https://goo.gl/9p2vKq) %o @ http://localhost:3000/app.html:0
[  946357ms] [ERROR] Server error: An internal error occurred. Please try again. @ http://localhost:3000/app.html:2193
[ 1113182ms] [VERBOSE] [DOM] Password field is not contained in a form: (More info: https://goo.gl/9p2vKq) %o @ http://localhost:3000/app.html:0
[ 1113182ms] [VERBOSE] [DOM] Password field is not contained in a form: (More info: https://goo.gl/9p2vKq) %o @ http://localhost:3000/app.html:0
[ 1159825ms] [ERROR] Server error: An internal error occurred. Please try again. @ http://localhost:3000/app.html:2193
[ 1365154ms] [VERBOSE] [DOM] Password field is not contained in a form: (More info: https://goo.gl/9p2vKq) %o @ http://localhost:3000/app.html:0
[ 1365154ms] [VERBOSE] [DOM] Password field is not contained in a form: (More info: https://goo.gl/9p2vKq) %o @ http://localhost:3000/app.html:0
[ 1725842ms] [VERBOSE] [DOM] Password field is not contained in a form: (More info: https://goo.gl/9p2vKq) %o @ http://localhost:3000/app.html:0
[ 1725842ms] [VERBOSE] [DOM] Password field is not contained in a form: (More info: https://goo.gl/9p2vKq) %o @ http://localhost:3000/app.html:0
